Найдено 517 бенчмарков
Пропущено 0 уже обработанных, осталось 517
Запуск: 517 бенчмарков × 10000 итераций = 5,170,000 прогонов
Workers: 6, длина последовательности: [10, 40]

[1/517] anghabench__AppImageKit__extr_runtime_c_private_sqfs_stat: 10000 ok, 0 fail (384s, ETA 198066s)
[2/517] anghabench__8cc__extr_parse_c_read_declarator: 10000 ok, 0 fail (384s, ETA 98869s)
[3/517] anghabench__AppImageKit__extr_appimagetool_c_extract_arch_from_text: 10000 ok, 0 fail (385s, ETA 65888s)
[4/517] anghabench__Arduino__extr_pbuf_c_pbuf_realloc: 10000 ok, 0 fail (386s, ETA 49561s)
[5/517] anghabench__8cc__extr_parse_c_read_struct_initializer_sub: 10000 ok, 0 fail (393s, ETA 40204s)
[6/517] anghabench__Arduino__extr_ip_addr_c_ipaddr_aton: 10000 ok, 0 fail (409s, ETA 34798s)
[7/517] anghabench__Atlas__extr_network_mysqld_lua_c_proxy_connection_set: 10000 ok, 0 fail (647s, ETA 47110s)
[8/517] anghabench__Atlas__extr_chassis_frontend_c_chassis_frontend_init_plugins: 10000 ok, 0 fail (648s, ETA 41233s)
[9/517] anghabench__Cello__extr_regexp9_c_evaluntil: 10000 ok, 0 fail (654s, ETA 36937s)
[10/517] anghabench__Cinder__extr_gl_load_c_LoadExt_EXT_histogram: 10000 ok, 0 fail (669s, ETA 33931s)
[11/517] anghabench__Cinder__extr_framing_c_ogg_stream_iovecin: 10000 ok, 0 fail (671s, ETA 30872s)
[12/517] anghabench__Cello__extr_sudoku_c_c_sd_solve: 10000 ok, 0 fail (680s, ETA 28596s)
[13/517] anghabench__Craft__extr_sqlite3_c_reloadTableSchema: 10000 ok, 0 fail (900s, ETA 34907s)
[14/517] anghabench__DOOM__extr_d_net_c_NetUpdate: 10000 ok, 0 fail (917s, ETA 32932s)
[15/517] anghabench__Craft__extr_sqlite3_c_substrFunc: 10000 ok, 0 fail (918s, ETA 30722s)
[16/517] anghabench__DOOM__extr_p_plats_c_T_PlatRaise: 10000 ok, 0 fail (924s, ETA 28922s)
[17/517] anghabench__FFmpeg__extr_atrac1_c_atrac1_decode_frame: 10000 ok, 0 fail (925s, ETA 27208s)
[18/517] anghabench__FFmpeg__extr_sheervideo_c_decode_c82i: 10000 ok, 0 fail (950s, ETA 26327s)
[19/517] anghabench__GloVe__extr_cooccur_c_merge_files: 10000 ok, 0 fail (1166s, ETA 30572s)
[20/517] anghabench__HandBrake__extr_preset_c_import_deint_11_0_0: 10000 ok, 0 fail (1174s, ETA 29186s)
[21/517] anghabench__How-to-Make-a-Computer-Operating-System__extr_getopt_c__getopt_initialize: 10000 ok, 0 fail (1175s, ETA 27749s)
[22/517] anghabench__GloVe__extr_shuffle_c_shuffle_by_chunks: 10000 ok, 0 fail (1177s, ETA 26493s)
[23/517] anghabench__HandBrake__extr_stream_c_ffmpeg_parse_vobsub_extradata_mkv: 10000 ok, 0 fail (1183s, ETA 25418s)
[24/517] anghabench__How-to-Make-a-Computer-Operating-System__extr_getopt_c_exchange: 10000 ok, 0 fail (1210s, ETA 24856s)
[25/517] anghabench__Mirai-Source-Code__extr_attack_udp_c_get_dns_resolver: 10000 ok, 0 fail (1425s, ETA 28041s)
[26/517] anghabench__Provenance__extr_sh2rec_c_generateMOVWI: 10000 ok, 0 fail (1427s, ETA 26946s)
[27/517] anghabench__Mirai-Source-Code__extr_server_c_server_telnet_probe: 10000 ok, 0 fail (1428s, ETA 25919s)
[28/517] anghabench__Provenance__extr_yuirange_c_yui_range_new: 10000 ok, 0 fail (1433s, ETA 25032s)
[29/517] anghabench__Quake-III-Arena__extr_cm_load_c_CMod_LoadSubmodels: 10000 ok, 0 fail (1449s, ETA 24386s)
[30/517] anghabench__Quake-III-Arena__extr_g_missile_c_fire_rocket: 10000 ok, 0 fail (1463s, ETA 23744s)
[31/517] anghabench__RetroArch__extr_network_c_accept_func: 10000 ok, 0 fail (1681s, ETA 26357s)
[32/517] anghabench__RetroArch__extr_spdif_c_spdif_input_port_format_commit: 10000 ok, 0 fail (1683s, ETA 25508s)
[33/517] anghabench__SoftEtherVPN__extr_Kernel_c_c_mkgmtime: 10000 ok, 0 fail (1691s, ETA 24795s)
[34/517] anghabench__SoftEtherVPN__extr_TcpIp_c_DhcpModifyIPv4: 10000 ok, 0 fail (1692s, ETA 24038s)
[35/517] anghabench__TDengine__extr_isoir165ext_h_isoir165ext_wctomb: 10000 ok, 0 fail (1715s, ETA 23612s)
[36/517] anghabench__TDengine__extr_vnodeQueryImpl_c_cacheBoundaryCheck: 10000 ok, 0 fail (1715s, ETA 22910s)
[37/517] anghabench__ZipArchive__extr_mz_zip_rw_c_mz_zip_reader_open_file_in_memory: 10000 ok, 0 fail (1945s, ETA 25232s)
[38/517] anghabench__ZipArchive__extr_mz_zip_rw_c_mz_zip_writer_open_file_in_memory: 10000 ok, 0 fail (1946s, ETA 24533s)
[39/517] anghabench__anypixel__extr_mem_c_mem_free: 10000 ok, 0 fail (1956s, ETA 23969s)
[40/517] anghabench__anypixel__extr_stm32f4xx_rcc_c_RCC_GetClocksFreq: 10000 ok, 0 fail (1960s, ETA 23373s)
[41/517] anghabench__arduino-esp32__extr_esp32_hal_spi_c_spiStartBus: 10000 ok, 0 fail (1983s, ETA 23022s)
[42/517] anghabench__arduino-esp32__extr_cdecode_c_base64_decode_block_signed: 10000 ok, 0 fail (1992s, ETA 22532s)
[43/517] anghabench__beanstalkd__extr_testserv_c_cttest_binlog_disk_full: 10000 ok, 0 fail (2202s, ETA 24270s)
[44/517] anghabench__beanstalkd__extr_prot_c_h_accept: 10000 ok, 0 fail (2207s, ETA 23722s)
[45/517] anghabench__bitwise__extr_parse_c_parse_decl_func: 10000 ok, 0 fail (2221s, ETA 23294s)
[46/517] anghabench__bitwise__extr_lex_c_scan_int: 10000 ok, 0 fail (2224s, ETA 22770s)
[47/517] anghabench__borg__extr_divsufsort_c_sssort: 10000 ok, 0 fail (2241s, ETA 22409s)
[48/517] anghabench__borg__extr_zstd_v07_c_HUFv07_readDTableX2: 10000 ok, 0 fail (2258s, ETA 22060s)
[49/517] anghabench__brotli__extr_metablock_c_ComputeDistanceCost: 10000 ok, 0 fail (2473s, ETA 23621s)
[50/517] anghabench__brotli__extr_huffman_c_BrotliBuildSimpleHuffmanTable: 10000 ok, 0 fail (2478s, ETA 23149s)
[51/517] anghabench__c4__extr_c4_c_stmt: 10000 ok, 0 fail (2495s, ETA 22795s)
[52/517] anghabench__capstone__extr_M68KDisassembler_c_d68010_movec: 10000 ok, 0 fail (2509s, ETA 22437s)
[53/517] anghabench__capstone__extr_cs_c_fill_insn: 10000 ok, 0 fail (2530s, ETA 22150s)
[54/517] anghabench__c4__extr_c4_c_expr: 10000 ok, 0 fail (2683s, ETA 23002s)
[55/517] anghabench__ccv__extr_sqlite3_c_pcache1Create: 10000 ok, 0 fail (2744s, ETA 23049s)
[56/517] anghabench__ccv__extr_sqlite3_c_clearDatabasePage: 10000 ok, 0 fail (2746s, ETA 22602s)
[57/517] anghabench__citus__extr_placement_connection_c_InitPlacementConnectionManagement: 10000 ok, 0 fail (2757s, ETA 22245s)
[58/517] anghabench__citus__extr_query_pushdown_planning_c_DeferErrorIfFromClauseRecurs: 10000 ok, 0 fail (2770s, ETA 21924s)
[59/517] anghabench__curl__extr_imap_c_imap_state_select_resp: 10000 ok, 0 fail (2795s, ETA 21698s)
[60/517] anghabench__curl__extr_sessioninfo_c_wrfu: 10000 ok, 0 fail (2955s, ETA 22510s)
[61/517] anghabench__darknet__extr_stb_image_h_stbi__load_gif_main: 10000 ok, 0 fail (3023s, ETA 22601s)
[62/517] anghabench__darknet__extr_go_c_run_go: 10000 ok, 0 fail (3026s, ETA 22204s)
[63/517] anghabench__darwin-xnu__extr_dtrace_c_dtrace_speculation_buffer: 10000 ok, 0 fail (3026s, ETA 21804s)
[64/517] anghabench__darwin-xnu__extr_turnstile_multihop_c_expect_kevent_id_recv: 10000 ok, 0 fail (3037s, ETA 21496s)
[65/517] anghabench__db_tutorial__extr_db_c_create_new_root: 10000 ok, 0 fail (3057s, ETA 21256s)
[66/517] anghabench__db_tutorial__extr_db_c_internal_node_insert: 10000 ok, 0 fail (3214s, ETA 21960s)
[67/517] anghabench__disque__extr_cluster_c_clusterBuildMessageHdr: 10000 ok, 0 fail (3281s, ETA 22034s)
[68/517] anghabench__disque__extr_disque_check_aof_c_main: 10000 ok, 0 fail (3286s, ETA 21696s)
[69/517] anghabench__dsvpn__extr_os_c_shell_cmd: 10000 ok, 0 fail (3297s, ETA 21405s)
[70/517] anghabench__dsvpn__extr_vpn_c_firewall_rules: 10000 ok, 0 fail (3301s, ETA 21082s)
[71/517] anghabench__esp-idf__extr_btc_a2dp_sink_c_btc_a2dp_sink_enque_buf: 10000 ok, 0 fail (3312s, ETA 20807s)
[72/517] anghabench__esp-idf__extr_mesh_bearer_adapt_c_bt_mesh_hci_init: 10000 ok, 0 fail (3466s, ETA 21421s)
[73/517] anghabench__exploitdb__extr_43987_c_RegisterProcessByIOCTL: 10000 ok, 0 fail (3529s, ETA 21463s)
[74/517] anghabench__fastdfs__extr_fdfs_download_file_c_main: 10000 ok, 0 fail (3542s, ETA 21202s)
[75/517] anghabench__fastdfs__extr_storage_disk_recovery_c_storage_disk_recovery_start: 10000 ok, 0 fail (3554s, ETA 20945s)
[76/517] anghabench__fastsocket__extr_synclink_gt_c_rx_async: 10000 ok, 0 fail (3569s, ETA 20712s)
[77/517] anghabench__fastsocket__extr_tty_audit_c_tty_audit_add_data: 10000 ok, 0 fail (3572s, ETA 20414s)
[78/517] anghabench__ffmpeg-libav-tutorial__extr_0_hello_world_c_save_gray_frame: 10000 ok, 0 fail (3718s, ETA 20925s)
[79/517] anghabench__freebsd__extr_sqlite3_c_clearDatabasePage: 10000 ok, 0 fail (3805s, ETA 21097s)
[80/517] anghabench__freebsd__extr_wc_db_c_set_props_txn: 10000 ok, 0 fail (3808s, ETA 20800s)
[81/517] anghabench__ffmpeg-libav-tutorial__extr_2_remuxing_c_main: 10000 ok, 0 fail (3810s, ETA 20506s)
[82/517] anghabench__gb-studio__extr_Scene_b_c_SceneUpdateActorMovement_b: 10000 ok, 0 fail (3833s, ETA 20333s)
[83/517] anghabench__gb-studio__extr_realloc_c_realloc: 10000 ok, 0 fail (3838s, ETA 20066s)
[84/517] anghabench__git__extr_revision_c_leave_one_treesame_to_parent: 10000 ok, 0 fail (3975s, ETA 20491s)
[85/517] anghabench__glfw__extr_heightmap_c_make_mesh: 10000 ok, 0 fail (4063s, ETA 20649s)
[86/517] anghabench__glfw__extr_wl_window_c__glfwPlatformCreateWindowSurface: 10000 ok, 0 fail (4063s, ETA 20363s)
[87/517] anghabench__git__extr_wt_status_c_wt_longstatus_print_tracking: 10000 ok, 0 fail (4067s, ETA 20099s)
[88/517] anghabench__goaccess__extr_goaccess_c_main: 10000 ok, 0 fail (4089s, ETA 19936s)
[89/517] anghabench__goaccess__extr_websocket_c_ws_handle_ping: 10000 ok, 0 fail (4096s, ETA 19697s)
[90/517] anghabench__h2o__extr_http1_c_on_send_complete: 10000 ok, 0 fail (4234s, ETA 20087s)
[91/517] anghabench__hashcat__extr_bench_verify_c_main: 10000 ok, 0 fail (4329s, ETA 20264s)
[92/517] anghabench__hashcat__extr_outfile_c_build_crackpos: 10000 ok, 0 fail (4329s, ETA 20000s)
[93/517] anghabench__h2o__extr_parson_c_parse_object_value: 10000 ok, 0 fail (4330s, ETA 19739s)
[94/517] anghabench__hiredis__extr_hiredis_c_redisConnectWithOptions: 10000 ok, 0 fail (4354s, ETA 19595s)
[95/517] anghabench__hiredis__extr_ssl_c_redisSSLConnect: 10000 ok, 0 fail (4359s, ETA 19363s)
[96/517] anghabench__htop__extr_Action_c_Action_pickFromVector: 10000 ok, 0 fail (4493s, ETA 19702s)
[97/517] anghabench__http-parser__extr_http_parser_c_http_parse_host_char: 10000 ok, 0 fail (4584s, ETA 19846s)
[98/517] anghabench__htop__extr_ColorsPanel_c_ColorsPanel_eventHandler: 10000 ok, 0 fail (4585s, ETA 19603s)
[99/517] anghabench__http-parser__extr_http_parser_c_http_parse_host: 10000 ok, 0 fail (4596s, ETA 19404s)
[100/517] anghabench__i3__extr_bindings_c_load_keymap: 10000 ok, 0 fail (4610s, ETA 19222s)
[101/517] anghabench__i3__extr_sighandler_c_sighandler_draw_dialog: 10000 ok, 0 fail (4615s, ETA 19007s)
[102/517] anghabench__ijkplayer__extr_android_nativewindow_c_android_render_yv12_on_yv12: 10000 ok, 0 fail (4759s, ETA 19363s)
[103/517] anghabench__ijkplayer__extr_ijkiourlhook_c_ijkio_urlhook_call_inject: 10000 ok, 0 fail (4863s, ETA 19548s)
[104/517] anghabench__ios-webkit-debug-proxy__extr_ios_webkit_debug_proxy_c_iwdp_iport_close: 10000 ok, 0 fail (4864s, ETA 19314s)
[105/517] anghabench__ios-webkit-debug-proxy__extr_socket_manager_c_sm_remove_fd: 10000 ok, 0 fail (4877s, ETA 19138s)
[106/517] anghabench__ish__extr_mmap_c_do_mmap: 10000 ok, 0 fail (4888s, ETA 18952s)
[107/517] anghabench__ish__extr_signal_c_deliver_signal_unlocked: 10000 ok, 0 fail (4892s, ETA 18744s)
[108/517] anghabench__japronto__extr_cpipeline_c_Pipeline__task_done: 10000 ok, 0 fail (5039s, ETA 19083s)
[109/517] anghabench__jemalloc__extr_arena_c_arena_bin_malloc_hard: 10000 ok, 0 fail (5120s, ETA 19164s)
[110/517] anghabench__jemalloc__extr_tcache_c_tsd_tcache_data_init: 10000 ok, 0 fail (5131s, ETA 18984s)
[111/517] anghabench__japronto__extr_picohttpparser_c_get_token_to_eol: 10000 ok, 0 fail (5134s, ETA 18777s)
[112/517] anghabench__jerryscript__extr_main_unix_test_c_main: 10000 ok, 0 fail (5150s, ETA 18621s)
[113/517] anghabench__jerryscript__extr_test_ext_arg_c_test_validator_restore_handler: 10000 ok, 0 fail (5150s, ETA 18413s)
[114/517] anghabench__jq__extr_decNumber_c_decNumberInvert: 10000 ok, 0 fail (5298s, ETA 18727s)
[115/517] anghabench__jq__extr_decNumber_c_decNumberReduce: 10000 ok, 0 fail (5367s, ETA 18761s)
[116/517] anghabench__kcp__extr_ikcp_c_ikcp_ack_push: 10000 ok, 0 fail (5386s, ETA 18620s)
[117/517] anghabench__kcp__extr_ikcp_c_ikcp_create: 10000 ok, 0 fail (5390s, ETA 18427s)
[118/517] anghabench__kilo__extr_kilo_c_enableRawMode: 10000 ok, 0 fail (5401s, ETA 18262s)
[119/517] anghabench__kilo__extr_kilo_c_editorMoveCursor: 10000 ok, 0 fail (5409s, ETA 18092s)
[120/517] anghabench__kphp-kdb__extr_copyfast_engine_data_c_delete_relative: 10000 ok, 0 fail (5555s, ETA 18379s)
[121/517] anghabench__kphp-kdb__extr_photo_data_c_user_add_photo_location_engine: 10000 ok, 0 fail (5637s, ETA 18447s)
[122/517] anghabench__lab__extr_g_missile_c_fire_rocket: 10000 ok, 0 fail (5645s, ETA 18276s)
[123/517] anghabench__lab__extr_dmlab_module_c_make_observation: 10000 ok, 0 fail (5646s, ETA 18084s)
[124/517] anghabench__lede__extr_dataflash_c_AT91F_DataflashInit: 10000 ok, 0 fail (5669s, ETA 17968s)
[125/517] anghabench__lede__extr_mvsw61xx_c_mvsw61xx_vtu_program: 10000 ok, 0 fail (5674s, ETA 17794s)
[126/517] anghabench__libevent__extr_http_c_evhttp_connection_incoming_fail: 10000 ok, 0 fail (5810s, ETA 18029s)
[127/517] anghabench__libgit2__extr_worktree_c_assert_ignore_case: 10000 ok, 0 fail (5900s, ETA 18118s)
[128/517] anghabench__libgit2__extr_index_c_add_repo_as_submodule: 10000 ok, 0 fail (5904s, ETA 17942s)
[129/517] anghabench__libevent__extr_watch_timing_c_histogram_query: 10000 ok, 0 fail (5906s, ETA 17765s)
[130/517] anghabench__libsodium__extr_argon2_c_argon2_ctx: 10000 ok, 0 fail (5929s, ETA 17652s)
[131/517] anghabench__libsodium__extr_scalarmult8_c_xmain: 10000 ok, 0 fail (5932s, ETA 17479s)
[132/517] anghabench__libui__extr_drawtests_c_drawCSFillAndStroke2: 10000 ok, 0 fail (6067s, ETA 17694s)
[133/517] anghabench__libui__extr_drawtests_c_drawCSSetLineJoin: 10000 ok, 0 fail (6157s, ETA 17776s)
[134/517] anghabench__libuv__extr_test_udp_ipv6_c_do_test: 10000 ok, 0 fail (6166s, ETA 17623s)
[135/517] anghabench__libuv__extr_os390_c_uv_exepath: 10000 ok, 0 fail (6172s, ETA 17465s)
[136/517] anghabench__linux__extr_blk_zoned_c_blkdev_reset_zones: 10000 ok, 0 fail (6190s, ETA 17342s)
[137/517] anghabench__linux__extr_safexcel_cipher_c_safexcel_aead_ccm_setkey: 10000 ok, 0 fail (6199s, ETA 17194s)
[138/517] anghabench__lwan__extr_lwan_mod_serve_files_c_dirlist_init: 10000 ok, 0 fail (6324s, ETA 17369s)
[139/517] anghabench__lwan__extr_techempower_c_fortune_list_generator: 10000 ok, 0 fail (6418s, ETA 17453s)
[140/517] anghabench__lz4__extr_lz4cli_c_usage_advanced: 10000 ok, 0 fail (6422s, ETA 17294s)
[141/517] anghabench__lz4__extr_lz4io_c_LZ4IO_openDstFile: 10000 ok, 0 fail (6434s, ETA 17158s)
[142/517] anghabench__macvim__extr_if_py_both_h_OptionsItem: 10000 ok, 0 fail (6451s, ETA 17036s)
[143/517] anghabench__macvim__extr_os_win32_c_mch_nodetype: 10000 ok, 0 fail (6454s, ETA 16879s)
[144/517] anghabench__masscan__extr_out_ndjson_c_ndjson_out_banner: 10000 ok, 0 fail (6580s, ETA 17044s)
[145/517] anghabench__masscan__extr_ranges_c_rangelist_parse_ports: 10000 ok, 0 fail (6689s, ETA 17159s)
[146/517] anghabench__meltdown__extr_libkdump_c_libkdump_init: 10000 ok, 0 fail (6692s, ETA 17005s)
[147/517] anghabench__meltdown__extr_memdump_c_main: 10000 ok, 0 fail (6712s, ETA 16893s)
[148/517] anghabench__memcached__extr_memcached_c_process_arithmetic_command: 10000 ok, 0 fail (6713s, ETA 16736s)
[149/517] anghabench__memcached__extr_restart_c_restart_check: 10000 ok, 0 fail (6716s, ETA 16588s)
[150/517] anghabench__micropython__extr_analog_c_analogRead: 10000 ok, 0 fail (6841s, ETA 16737s)
[151/517] anghabench__micropython__extr_softspi_c_mp_soft_spi_transfer: 10000 ok, 0 fail (6952s, ETA 16851s)
[152/517] anghabench__mimikatz__extr_kull_m_key_c_kull_m_key_capi_decryptedkey_to_raw: 10000 ok, 0 fail (6953s, ETA 16697s)
[153/517] anghabench__mjolnir__extr_lvm_c_luaV_finishget: 10000 ok, 0 fail (6979s, ETA 16603s)
[154/517] anghabench__mimikatz__extr_sqlite3_omit_c_clearDatabasePage: 10000 ok, 0 fail (6981s, ETA 16455s)
[155/517] anghabench__mjolnir__extr_lvm_c_luaV_concat: 10000 ok, 0 fail (6981s, ETA 16304s)
[156/517] anghabench__mongoose__extr_mongoose_c_mg_resolve_async_opt: 10000 ok, 0 fail (7103s, ETA 16437s)
[157/517] anghabench__mozjpeg__extr_tjunittest_c_main: 10000 ok, 0 fail (7220s, ETA 16554s)
[158/517] anghabench__mongoose__extr_sqlite3_c_substrFunc: 10000 ok, 0 fail (7230s, ETA 16427s)
[159/517] anghabench__mpv__extr_wayland_common_c_check_dnd_fd: 10000 ok, 0 fail (7245s, ETA 16314s)
[160/517] anghabench__mpv__extr_m_option_c_parse_channels: 10000 ok, 0 fail (7247s, ETA 16171s)
[161/517] anghabench__mozjpeg__extr_turbojpeg_c_getSubsamp: 10000 ok, 0 fail (7264s, ETA 16062s)
[162/517] anghabench__mruby__extr_codegen_c_scope_finish: 10000 ok, 0 fail (7367s, ETA 16144s)
[163/517] anghabench__nanomsg__extr_options_c_nn_parse_long_option: 10000 ok, 0 fail (7499s, ETA 16287s)
[164/517] anghabench__mruby__extr_mirb_c_parse_args: 10000 ok, 0 fail (7500s, ETA 16144s)
[165/517] anghabench__nanomsg__extr_poll_c_nn_poll: 10000 ok, 0 fail (7525s, ETA 16054s)
[166/517] anghabench__netdata__extr_benchmark_line_parsing_c_test4: 10000 ok, 0 fail (7528s, ETA 15918s)
[167/517] anghabench__netdata__extr_main_c_send_statistics: 10000 ok, 0 fail (7529s, ETA 15779s)
[168/517] anghabench__nginx-rtmp-module__extr_ngx_rtmp_mp4_c_ngx_rtmp_mp4_write_tkhd: 10000 ok, 0 fail (7626s, ETA 15841s)
[169/517] anghabench__nginx__extr_ngx_http_gzip_filter_module_c_ngx_http_gzip_filter_deflate_start: 10000 ok, 0 fail (7760s, ETA 15978s)
[170/517] anghabench__nginx-rtmp-module__extr_ngx_rtmp_record_module_c_ngx_rtmp_record_publish: 10000 ok, 0 fail (7761s, ETA 15842s)
[171/517] anghabench__nginx__extr_ngx_http_mp4_module_c_ngx_http_mp4_update_ctts_atom: 10000 ok, 0 fail (7784s, ETA 15751s)
[172/517] anghabench__nnn__extr_nnn_c_nextsel: 10000 ok, 0 fail (7790s, ETA 15625s)
[173/517] anghabench__nnn__extr_nnn_c_editselection: 10000 ok, 0 fail (7795s, ETA 15499s)
[174/517] anghabench__no-more-secrets__extr_input_c_input_get: 10000 ok, 0 fail (7886s, ETA 15545s)
[175/517] anghabench__no-more-secrets__extr_input_c_input_get_str: 10000 ok, 0 fail (8024s, ETA 15681s)
[176/517] anghabench__nodemcu-firmware__extr_llex_c_read_string: 10000 ok, 0 fail (8028s, ETA 15554s)
[177/517] anghabench__nodemcu-firmware__extr_sqlite3_c_clearDatabasePage: 10000 ok, 0 fail (8052s, ETA 15468s)
[178/517] anghabench__nuklear__extr_stb_image_h_stbi__load_main: 10000 ok, 0 fail (8056s, ETA 15342s)
[179/517] anghabench__nuklear__extr_nuklear_rawfb_h_nk_rawfb_fill_polygon: 10000 ok, 0 fail (8077s, ETA 15252s)
[180/517] anghabench__numpy__extr_f2c_d_lapack_c_dlassq_: 10000 ok, 0 fail (8153s, ETA 15265s)
[181/517] anghabench__obs-studio__extr_obs_ffmpeg_output_c_open_audio_codec: 10000 ok, 0 fail (8293s, ETA 15395s)
[182/517] anghabench__numpy__extr_ufunc_type_resolution_c_find_userloop: 10000 ok, 0 fail (8295s, ETA 15267s)
[183/517] anghabench__obs-studio__extr_test_copy_c_test_copy_simple: 10000 ok, 0 fail (8327s, ETA 15198s)
[184/517] anghabench__openpilot__extr_nanovg_c_nvg__calculateJoins: 10000 ok, 0 fail (8333s, ETA 15082s)
[185/517] anghabench__openpilot__extr_stb_image_h_stbi__load_main: 10000 ok, 0 fail (8338s, ETA 14963s)
[186/517] anghabench__openssl__extr_sskdf_c_sskdf_set_ctx_params: 10000 ok, 0 fail (8406s, ETA 14958s)
[187/517] anghabench__openssl__extr_ssl_ctx_test_c_test_set_min_max_version: 10000 ok, 0 fail (8544s, ETA 15077s)
[188/517] anghabench__openvpn__extr_init_c_socket_restart_pause: 10000 ok, 0 fail (8546s, ETA 14955s)
[189/517] anghabench__openvpn__extr_interactive_c_AsyncPipeOp: 10000 ok, 0 fail (8581s, ETA 14892s)
[190/517] anghabench__openwrt__extr_dataflash_c_AT91F_DataflashInit: 10000 ok, 0 fail (8594s, ETA 14791s)
[191/517] anghabench__openwrt__extr_mvsw61xx_c_mvsw61xx_vtu_program: 10000 ok, 0 fail (8594s, ETA 14668s)
[192/517] anghabench__os-tutorial__extr_isr_c_isr_install: 10000 ok, 0 fail (8664s, ETA 14666s)
[193/517] anghabench__oss-fuzz__extr_example_large_fuzzer_c_test_large_deflate: 10000 ok, 0 fail (8801s, ETA 14775s)
[194/517] anghabench__oss-fuzz__extr_fuzz_h_ExtractWebPConfig: 10000 ok, 0 fail (8807s, ETA 14664s)
[195/517] anghabench__php-src__extr_zend_dump_c_zend_dump_block_header: 10000 ok, 0 fail (8845s, ETA 14605s)
[196/517] anghabench__php-src__extr_zend_inheritance_c_do_inherit_class_constant: 10000 ok, 0 fail (8853s, ETA 14499s)
[197/517] anghabench__phpredis__extr_cluster_library_c_cluster_multibulk_resp_recursive: 10000 ok, 0 fail (8857s, ETA 14386s)
[198/517] anghabench__phpredis__extr_library_c_redis_unpack: 10000 ok, 0 fail (8910s, ETA 14356s)
[199/517] anghabench__pifs__extr_piqpr8_c_expm: 10000 ok, 0 fail (9062s, ETA 14480s)
[200/517] anghabench__pifs__extr_piqpr8_c_series: 10000 ok, 0 fail (9064s, ETA 14366s)
[201/517] anghabench__poco__extr_sqlite3_c_clearDatabasePage: 10000 ok, 0 fail (9108s, ETA 14318s)
[202/517] anghabench__poco__extr_sqlite3_c_findCreateFileMode: 10000 ok, 0 fail (9114s, ETA 14212s)
[203/517] anghabench__postgres__extr_mkdtemp_c_GETTEMP: 10000 ok, 0 fail (9140s, ETA 14138s)
[204/517] anghabench__postgres__extr_nbtxlog_c_btree_xlog_newroot: 10000 ok, 0 fail (9165s, ETA 14062s)
[205/517] anghabench__progress__extr_progress_c_find_pids_by_binary_name: 10000 ok, 0 fail (9321s, ETA 14186s)
[206/517] anghabench__progress__extr_progress_c_main: 10000 ok, 0 fail (9322s, ETA 14074s)
[207/517] anghabench__proxychains-ng__extr_core_c_proxy_gethostbyname: 10000 ok, 0 fail (9367s, ETA 14027s)
[208/517] anghabench__proxychains-ng__extr_allocator_thread_c_ip_from_internal_list: 10000 ok, 0 fail (9369s, ETA 13919s)
[209/517] anghabench__qmk_firmware__extr_keymap_c_process_record_user: 10000 ok, 0 fail (9386s, ETA 13831s)
[210/517] anghabench__radare2__extr_dbi_c_parse_dbi_header: 10000 ok, 0 fail (9414s, ETA 13763s)
[211/517] anghabench__radare2__extr_radiff2_c_show_help: 10000 ok, 0 fail (9569s, ETA 13877s)
[212/517] anghabench__raspberry-pi-os__extr_mini_uart_c_uart_init: 10000 ok, 0 fail (9573s, ETA 13772s)
[213/517] anghabench__raspberry-pi-os__extr_raspiloader_c_send_kernel: 10000 ok, 0 fail (9632s, ETA 13747s)
[214/517] anghabench__reactos__extr_hlsl_tab_c_create_loop: 10000 ok, 0 fail (9645s, ETA 13656s)
[215/517] anghabench__reactos__extr_StrAddr_c_AddrToAddrStr: 10000 ok, 0 fail (9653s, ETA 13559s)
[216/517] anghabench__redcarpet__extr_markdown_c_parse_htmlblock: 10000 ok, 0 fail (9691s, ETA 13504s)
[217/517] anghabench__redcarpet__extr_markdown_c_sd_markdown_new: 10000 ok, 0 fail (9831s, ETA 13592s)
[218/517] anghabench__redis__extr_llex_c_read_string: 10000 ok, 0 fail (9835s, ETA 13490s)
[219/517] anghabench__redis__extr_t_stream_c_xrangeGenericCommand: 10000 ok, 0 fail (9894s, ETA 13463s)
[220/517] anghabench__redshift__extr_options_c_print_help: 10000 ok, 0 fail (9903s, ETA 13369s)
[221/517] anghabench__redshift__extr_gamma_w32gdi_c_w32gdi_set_temperature: 10000 ok, 0 fail (9905s, ETA 13267s)
[222/517] anghabench__robotgo__extr_base64_c_base64decode: 10000 ok, 0 fail (9948s, ETA 13219s)
[223/517] anghabench__robotjs__extr_mouse_c_moveMouse: 10000 ok, 0 fail (10080s, ETA 13290s)
[224/517] anghabench__robotgo__extr_base64_c_base64encode: 10000 ok, 0 fail (10092s, ETA 13201s)
[225/517] anghabench__robotjs__extr_mouse_c_toggleMouse: 10000 ok, 0 fail (10138s, ETA 13157s)
[226/517] anghabench__rofi__extr_textbox_c_textbox_initialize_font: 10000 ok, 0 fail (10158s, ETA 13079s)
[227/517] anghabench__rofi__extr_script_c_script_switcher_parse_setup: 10000 ok, 0 fail (10158s, ETA 12977s)
[228/517] anghabench__rufus__extr_alloc_stats_c_ext2fs_block_alloc_stats_range: 10000 ok, 0 fail (10205s, ETA 12936s)
[229/517] anghabench__rufus__extr_udf_fs_c_udf_get_lba: 10000 ok, 0 fail (10335s, ETA 12998s)
[230/517] anghabench__scrcpy__extr_input_manager_c_input_manager_process_mouse_button: 10000 ok, 0 fail (10346s, ETA 12910s)
[231/517] anghabench__scrcpy__extr_stream_c_stream_push_packet: 10000 ok, 0 fail (10395s, ETA 12870s)
[232/517] anghabench__seafile__extr_wt_monitor_win32_c_handle_watch_command: 10000 ok, 0 fail (10412s, ETA 12790s)
[233/517] anghabench__seafile__extr_wt_monitor_linux_c_handle_watch_command: 10000 ok, 0 fail (10412s, ETA 12691s)
[234/517] anghabench__skynet__extr_lvm_c_luaV_concat: 10000 ok, 0 fail (10468s, ETA 12660s)
[235/517] anghabench__skynet__extr_skynet_main_c_main: 10000 ok, 0 fail (10591s, ETA 12709s)
[236/517] anghabench__sqlcipher__extr_btree_c_clearDatabasePage: 10000 ok, 0 fail (10608s, ETA 12631s)
[237/517] anghabench__sqlcipher__extr_os_unix_c_findCreateFileMode: 10000 ok, 0 fail (10655s, ETA 12588s)
[238/517] anghabench__stb__extr_cave_render_c_mesh_worker_handler: 10000 ok, 0 fail (10674s, ETA 12512s)
[239/517] anghabench__stb__extr_stb_vorbis_c_compute_sorted_huffman: 10000 ok, 0 fail (10683s, ETA 12427s)
[240/517] anghabench__streem__extr_node_c_node_free: 10000 ok, 0 fail (10723s, ETA 12376s)
[241/517] anghabench__streem__extr_time_c_time_str: 10000 ok, 0 fail (10855s, ETA 12431s)
[242/517] anghabench__sumatrapdf__extr_cmspack_c_PackHalfFromFloat: 10000 ok, 0 fail (10871s, ETA 12353s)
[243/517] anghabench__sway__extr_sticky_c_cmd_sticky: 10000 ok, 0 fail (10930s, ETA 12324s)
[244/517] anghabench__sway__extr_workspace_c_cmd_workspace_gaps: 10000 ok, 0 fail (10949s, ETA 12250s)
[245/517] anghabench__systemd__extr_fs_util_c_fchmod_and_chown: 10000 ok, 0 fail (10985s, ETA 12195s)
[246/517] anghabench__sumatrapdf__extr_pixmap_c_clear_cmyk_bitmap: 10000 ok, 0 fail (10987s, ETA 12103s)
[247/517] anghabench__systemd__extr_job_c_job_start_timer: 10000 ok, 0 fail (11111s, ETA 12146s)
[248/517] anghabench__tengine__extr_ngx_http_lua_socket_tcp_c_ngx_http_lua_socket_handle_read_error: 10000 ok, 0 fail (11124s, ETA 12066s)
[249/517] anghabench__tengine__extr_ngx_http_tfs_duplicate_c_ngx_http_tfs_dedup_remove: 10000 ok, 0 fail (11183s, ETA 12036s)
[250/517] anghabench__tg__extr_interface_c_print_user_name: 10000 ok, 0 fail (11211s, ETA 11973s)
[251/517] anghabench__the_silver_searcher__extr_decompress_c_is_zipped: 10000 ok, 0 fail (11239s, ETA 11911s)
[252/517] anghabench__tg__extr_interface_c_secret_chat_update_gw: 10000 ok, 0 fail (11240s, ETA 11820s)
[253/517] anghabench__the_silver_searcher__extr_ignore_c_add_ignore_pattern: 10000 ok, 0 fail (11383s, ETA 11877s)
[254/517] anghabench__tig__extr_hashtab_c_htab_expand: 10000 ok, 0 fail (11383s, ETA 11786s)
[255/517] anghabench__tig__extr_help_c_help_draw: 10000 ok, 0 fail (11444s, ETA 11758s)
[256/517] anghabench__timescaledb__extr_bgw_message_queue_c_enqueue_message_wait_for_ack: 10000 ok, 0 fail (11467s, ETA 11691s)
[257/517] anghabench__timescaledb__extr_deltadelta_c_delta_delta_from_parts: 10000 ok, 0 fail (11494s, ETA 11628s)
[258/517] anghabench__tini__extr_tini_c_configure_signals: 10000 ok, 0 fail (11498s, ETA 11542s)
[259/517] anghabench__tmux__extr_cmd_swap_window_c_cmd_swap_window_exec: 10000 ok, 0 fail (11638s, ETA 11593s)
[260/517] anghabench__tini__extr_tini_c_parse_args: 10000 ok, 0 fail (11645s, ETA 11510s)
[261/517] anghabench__tmux__extr_names_c_check_window_name: 10000 ok, 0 fail (11701s, ETA 11477s)
[262/517] anghabench__torch7__extr_convolve5x5_sse_c_convolve_5x5_sse: 10000 ok, 0 fail (11733s, ETA 11419s)
[263/517] anghabench__torch7__extr_luaT_c_luaT_stackdump: 10000 ok, 0 fail (11754s, ETA 11352s)
[264/517] anghabench__toxcore__extr_TCP_server_c_add_accepted: 10000 ok, 0 fail (11758s, ETA 11268s)
[265/517] anghabench__toxcore__extr___toxcoreDHT_c_do_NAT: 10000 ok, 0 fail (11899s, ETA 11315s)
[266/517] anghabench__twemproxy__extr_nc_redis_c_redis_copy_bulk: 10000 ok, 0 fail (11913s, ETA 11241s)
[267/517] anghabench__twemproxy__extr_nc_redis_c_redis_post_connect: 10000 ok, 0 fail (11957s, ETA 11196s)
[268/517] anghabench__upx__extr_i386_openbsd_elf_main_c_xfind_pages: 10000 ok, 0 fail (12001s, ETA 11150s)
[269/517] anghabench__vlc__extr_ftp_c_Connect: 10000 ok, 0 fail (12009s, ETA 11071s)
[270/517] anghabench__vlc__extr_mp4_c_FragGetMoofBySidxIndex: 10000 ok, 0 fail (12019s, ETA 10995s)
[271/517] anghabench__wcdb__extr_sqlite3_c_clearDatabasePage: 10000 ok, 0 fail (12161s, ETA 11039s)
[272/517] anghabench__wcdb__extr_sqlite3_c_findCreateFileMode: 10000 ok, 0 fail (12174s, ETA 10965s)
[273/517] anghabench__winfile__extr_tbar_c_HandleToolbarSave: 10000 ok, 0 fail (12212s, ETA 10915s)
[274/517] anghabench__winfile__extr_wfinit_c_FreeFileManager: 10000 ok, 0 fail (12256s, ETA 10869s)
[275/517] anghabench__wrk__extr_http_parser_c_http_parse_host: 10000 ok, 0 fail (12275s, ETA 10802s)
[276/517] anghabench__wrk__extr_wrk_c_parse_args: 10000 ok, 0 fail (12283s, ETA 10725s)
[277/517] anghabench__xLua__extr_lj_asm_c_ra_allocref: 10000 ok, 0 fail (12419s, ETA 10760s)
[278/517] anghabench__xLua__extr_llex_c_read_string: 10000 ok, 0 fail (12436s, ETA 10692s)
[279/517] anghabench__xhyve__extr_fbsd_c_fbsd_load: 10000 ok, 0 fail (12471s, ETA 10638s)
[280/517] anghabench__xhyve__extr_pci_ahci_c_atapi_read: 10000 ok, 0 fail (12512s, ETA 10591s)
[281/517] anghabench__yaf__extr_yaf_view_simple_c_yaf_view_exec_tpl: 10000 ok, 0 fail (12529s, ETA 10523s)
[282/517] anghabench__yaf__extr_yaf_view_simple_c_yaf_view_simple_eval: 10000 ok, 0 fail (12536s, ETA 10447s)
[283/517] anghabench__zfs__extr_rdwr_efi_c_efi_alloc_and_init: 10000 ok, 0 fail (12679s, ETA 10484s)
[284/517] anghabench__zfs__extr_zfs_ioctl_c_zfs_ioc_pool_set_props: 10000 ok, 0 fail (12695s, ETA 10416s)
[285/517] anghabench__zstd__extr_divsufsort_c_sssort: 10000 ok, 0 fail (12730s, ETA 10363s)
[286/517] anghabench__zstd__extr_seqgen_c_SEQ_gen_offset: 10000 ok, 0 fail (12783s, ETA 10325s)
[287/517] benchmarkgame__fannkuch: 10000 ok, 0 fail (12965s, ETA 10390s)
[288/517] asc_sequoia__CrystalMk: 9999 ok, 1 fail (12989s, ETA 10328s)
[289/517] benchmarkgame__n-body: 10000 ok, 0 fail (12997s, ETA 10253s)
[290/517] benchmarkgame__nsieve-bits: 10000 ok, 0 fail (13003s, ETA 10178s)
[291/517] benchmarkgame__partialsums: 9999 ok, 1 fail (13058s, ETA 10141s)
[292/517] asc_sequoia__AMGmk: 9985 ok, 15 fail (13232s, ETA 10196s)
[293/517] benchmarkgame__puzzle: 10000 ok, 0 fail (13239s, ETA 10121s)
[294/517] benchmarkgame__recursive: 10000 ok, 0 fail (13255s, ETA 10054s)
[295/517] benchmarkgame__spectral-norm: 10000 ok, 0 fail (13277s, ETA 9991s)
[296/517] bitbench__drop3: 10000 ok, 0 fail (13311s, ETA 9939s)
[297/517] bitbench__five11: 10000 ok, 0 fail (13351s, ETA 9889s)
[298/517] bitbench__uudecode: 10000 ok, 0 fail (13541s, ETA 9952s)
[299/517] bitbench__uuencode: 10000 ok, 0 fail (13571s, ETA 9895s)
[300/517] cbench__automotive_bitcount: 10000 ok, 0 fail (13603s, ETA 9839s)
[301/517] cbench__automotive_qsort1: 10000 ok, 0 fail (13613s, ETA 9769s)
[302/517] cbench__bzip2d: 9996 ok, 4 fail (18322s, ETA 13044s)
[303/517] cbench__bzip2e: 9991 ok, 9 fail (18434s, ETA 13020s)
[304/517] cbench__consumer_jpeg_c: 9998 ok, 2 fail (19304s, ETA 13525s)
[305/517] cbench__consumer_lame: 9950 ok, 50 fail (22579s, ETA 15694s)
[306/517] cbench__consumer_jpeg_d: 10000 ok, 0 fail (23765s, ETA 16387s)
[307/517] cbench__consumer_tiff2bw: 9997 ok, 3 fail (26605s, ETA 18199s)
[308/517] cbench__consumer_tiff2rgba: 9995 ok, 5 fail (29875s, ETA 20273s)
[309/517] cbench__network_dijkstra: 10000 ok, 0 fail (30251s, ETA 20363s)
[310/517] cbench__office_stringsearch1: 10000 ok, 0 fail (30727s, ETA 20518s)
[311/517] cbench__consumer_tiffdither: 9993 ok, 7 fail (31037s, ETA 20558s)
[312/517] cbench__security_blowfish_d: 10000 ok, 0 fail (32605s, ETA 21423s)
[313/517] cbench__automotive_susan_e: 10000 ok, 0 fail (32853s, ETA 21412s)
[314/517] cbench__security_blowfish_e: 10000 ok, 0 fail (32910s, ETA 21276s)
[315/517] cbench__security_sha: 10000 ok, 0 fail (33309s, ETA 21360s)
[316/517] cbench__automotive_susan_c: 10000 ok, 0 fail (33330s, ETA 21201s)
[317/517] cbench__telecom_CRC32: 10000 ok, 0 fail (33607s, ETA 21203s)
[318/517] cbench__telecom_adpcm_c: 10000 ok, 0 fail (33645s, ETA 21054s)
[319/517] cbench__security_rijndael_d: 10000 ok, 0 fail (33779s, ETA 20966s)
[320/517] cbench__telecom_adpcm_d: 10000 ok, 0 fail (33947s, ETA 20898s)
[321/517] cbench__consumer_tiffmedian: 9998 ok, 2 fail (33971s, ETA 20743s)
[322/517] cbench__security_rijndael_e: 10000 ok, 0 fail (34001s, ETA 20590s)
[323/517] coyotebench__almabench: 10000 ok, 0 fail (34130s, ETA 20499s)
[324/517] cbench__automotive_susan_s: 10000 ok, 0 fail (34134s, ETA 20333s)
[325/517] coyotebench__huffbench: 10000 ok, 0 fail (34293s, ETA 20259s)
[326/517] dhrystone__dry: 10000 ok, 0 fail (34298s, ETA 20095s)
[327/517] coyotebench__lpbench: 9999 ok, 1 fail (34304s, ETA 19932s)
[328/517] dhrystone__fldry: 10000 ok, 0 fail (34430s, ETA 19839s)
[329/517] doe_proxyapps_c__XSBench: 10000 ok, 0 fail (34764s, ETA 19865s)
[330/517] doe_proxyapps_c__RSBench: 10000 ok, 0 fail (34824s, ETA 19734s)
[331/517] doe_proxyapps_c__Pathfinder: 9995 ok, 5 fail (34977s, ETA 19655s)
[332/517] mccat__01-qbsort: 10000 ok, 0 fail (35158s, ETA 19591s)
[333/517] mccat__03-testtrie: 10000 ok, 0 fail (35293s, ETA 19501s)
[334/517] doe_proxyapps_c__SimpleMOC: 10000 ok, 0 fail (35415s, ETA 19404s)
[335/517] mccat__04-bisect: 10000 ok, 0 fail (35501s, ETA 19287s)
[336/517] mccat__08-main: 10000 ok, 0 fail (35915s, ETA 19347s)
[337/517] mccat__05-eks: 9996 ok, 4 fail (36035s, ETA 19247s)
[338/517] mccat__09-vor: 10000 ok, 0 fail (36054s, ETA 19093s)
[339/517] doe_proxyapps_c__miniGMG: 9977 ok, 23 fail (36114s, ETA 18963s)
[340/517] mccat__12-IOtest: 10000 ok, 0 fail (36228s, ETA 18860s)
[341/517] mccat__15-trie: 10000 ok, 0 fail (36329s, ETA 18750s)
[342/517] mccat__17-bintr: 10000 ok, 0 fail (36358s, ETA 18604s)
[343/517] mcgill__chomp: 10000 ok, 0 fail (36456s, ETA 18494s)
[344/517] mcgill__exptree: 10000 ok, 0 fail (36550s, ETA 18381s)
[345/517] mcgill__misr: 10000 ok, 0 fail (36643s, ETA 18268s)
[346/517] mcgill__queens: 10000 ok, 0 fail (36651s, ETA 18113s)
[347/517] mediabench__adpcm__rawcaudio: 10000 ok, 0 fail (36760s, ETA 18009s)
[348/517] mediabench__adpcm__rawdaudio: 10000 ok, 0 fail (36870s, ETA 17905s)
[349/517] mediabench__g721__g721encode: 10000 ok, 0 fail (37142s, ETA 17879s)
[350/517] mibench__automotive-basicmath: 10000 ok, 0 fail (37257s, ETA 17777s)
[351/517] mibench__automotive-bitcount: 10000 ok, 0 fail (37521s, ETA 17745s)
[352/517] cbench__telecom_gsm: 9999 ok, 1 fail (37836s, ETA 17736s)
[353/517] mediabench__mpeg2__mpeg2dec: 9995 ok, 5 fail (38506s, ETA 17889s)
[354/517] mibench__network-dijkstra: 10000 ok, 0 fail (38859s, ETA 17893s)
[355/517] mibench__network-patricia: 9999 ok, 1 fail (39269s, ETA 17920s)
[356/517] mibench__office-stringsearch: 10000 ok, 0 fail (39696s, ETA 17952s)
[357/517] mallocbench__espresso: 9999 ok, 1 fail (39942s, ETA 17901s)
[358/517] mediabench__gsm__toast: 9999 ok, 1 fail (40958s, ETA 18191s)
[359/517] mibench__security-rijndael: 10000 ok, 0 fail (41159s, ETA 18114s)
[360/517] mibench__security-blowfish: 10000 ok, 0 fail (41312s, ETA 18017s)
[361/517] mibench__security-sha: 10000 ok, 0 fail (41325s, ETA 17858s)
[362/517] mibench__telecomm-CRC32: 10000 ok, 0 fail (41462s, ETA 17753s)
[363/517] mibench__consumer-lame: 9940 ok, 60 fail (41644s, ETA 17667s)
[364/517] mibench__telecomm-FFT: 10000 ok, 0 fail (41652s, ETA 17508s)
[365/517] misc__dt: 10000 ok, 0 fail (41747s, ETA 17385s)
[366/517] misc__ReedSolomon: 10000 ok, 0 fail (41784s, ETA 17239s)
[367/517] misc__fbench: 10000 ok, 0 fail (41969s, ETA 17154s)
[368/517] misc__evalloop: 10000 ok, 0 fail (41992s, ETA 17002s)
[369/517] misc__flops-1: 10000 ok, 0 fail (42060s, ETA 16870s)
[370/517] misc__ffbench: 10000 ok, 0 fail (42080s, ETA 16718s)
[371/517] misc__flops-2: 10000 ok, 0 fail (42246s, ETA 16625s)
[372/517] misc__flops-3: 10000 ok, 0 fail (42269s, ETA 16476s)
[373/517] misc__flops-4: 10000 ok, 0 fail (42338s, ETA 16345s)
[374/517] misc__flops-5: 10000 ok, 0 fail (42360s, ETA 16196s)
[375/517] mibench__consumer-jpeg: 10000 ok, 0 fail (42486s, ETA 16088s)
[376/517] misc__flops-6: 10000 ok, 0 fail (42525s, ETA 15947s)
[377/517] misc__flops-7: 10000 ok, 0 fail (42540s, ETA 15797s)
[378/517] misc__flops-8: 10000 ok, 0 fail (42616s, ETA 15671s)
[379/517] misc__fp-convert: 10000 ok, 0 fail (42753s, ETA 15567s)
[380/517] misc__flops: 10000 ok, 0 fail (42780s, ETA 15423s)
[381/517] misc__lowercase: 10000 ok, 0 fail (42811s, ETA 15282s)
[382/517] misc__mandel-2: 10000 ok, 0 fail (42887s, ETA 15156s)
[383/517] misc__himenobmtxpa: 10000 ok, 0 fail (42942s, ETA 15024s)
[384/517] misc__mandel: 10000 ok, 0 fail (43026s, ETA 14902s)
[385/517] misc__matmul_f64_4x4: 10000 ok, 0 fail (43099s, ETA 14777s)
[386/517] misc__perlin: 10000 ok, 0 fail (43175s, ETA 14653s)
[387/517] misc__pi: 10000 ok, 0 fail (43212s, ETA 14516s)
[388/517] misc__revertBits: 10000 ok, 0 fail (43299s, ETA 14396s)
[389/517] misc__richards_benchmark: 10000 ok, 0 fail (43410s, ETA 14284s)
[390/517] misc__salsa20: 10000 ok, 0 fail (43525s, ETA 14174s)
[391/517] misc__oourafft: 10000 ok, 0 fail (43537s, ETA 14030s)
[392/517] misc__whetstone: 9998 ok, 2 fail (43548s, ETA 13886s)
[393/517] npb-serial__is: 10000 ok, 0 fail (43740s, ETA 13801s)
[394/517] olden__bisort: 10000 ok, 0 fail (43833s, ETA 13684s)
[395/517] olden__health: 10000 ok, 0 fail (43879s, ETA 13552s)
[396/517] olden__mst: 10000 ok, 0 fail (43881s, ETA 13408s)
[397/517] olden__power: 10000 ok, 0 fail (44135s, ETA 13340s)
[398/517] polybench__datamining__covariance: 10000 ok, 0 fail (44199s, ETA 13215s)
[399/517] polybench__datamining__correlation: 10000 ok, 0 fail (44205s, ETA 13073s)
[400/517] olden__voronoi: 10000 ok, 0 fail (44305s, ETA 12959s)
[401/517] npb-serial__dc: 10000 ok, 0 fail (44373s, ETA 12836s)
[402/517] polybench__linear_algebra_blas__gemm: 10000 ok, 0 fail (44448s, ETA 12715s)
[403/517] polybench__linear_algebra_blas__gesummv: 10000 ok, 0 fail (44509s, ETA 12591s)
[404/517] polybench__linear_algebra_blas__gemver: 10000 ok, 0 fail (44522s, ETA 12453s)
[405/517] polybench__linear_algebra_blas__symm: 10000 ok, 0 fail (44618s, ETA 12339s)
[406/517] polybench__linear_algebra_blas__syr2k: 10000 ok, 0 fail (44681s, ETA 12216s)
[407/517] polybench__linear_algebra_blas__syrk: 10000 ok, 0 fail (44748s, ETA 12094s)
[408/517] polybench__linear_algebra_blas__trmm: 10000 ok, 0 fail (44810s, ETA 11971s)
[409/517] polybench__linear_algebra_kernels__2mm: 10000 ok, 0 fail (44840s, ETA 11840s)
[410/517] polybench__linear_algebra_kernels__3mm: 10000 ok, 0 fail (44946s, ETA 11730s)
[411/517] polybench__linear_algebra_kernels__atax: 10000 ok, 0 fail (44980s, ETA 11601s)
[412/517] polybench__linear_algebra_kernels__bicg: 10000 ok, 0 fail (45057s, ETA 11483s)
[413/517] polybench__linear_algebra_kernels__doitgen: 10000 ok, 0 fail (45119s, ETA 11362s)
[414/517] polybench__linear_algebra_kernels__mvt: 10000 ok, 0 fail (45143s, ETA 11231s)
[415/517] polybench__linear_algebra_solvers__cholesky: 9999 ok, 1 fail (45262s, ETA 11125s)
[416/517] polybench__linear_algebra_solvers__durbin: 10000 ok, 0 fail (45277s, ETA 10993s)
[417/517] polybench__linear_algebra_solvers__gramschmidt: 10000 ok, 0 fail (45378s, ETA 10882s)
[418/517] polybench__linear_algebra_solvers__lu: 10000 ok, 0 fail (45438s, ETA 10762s)
[419/517] polybench__linear_algebra_solvers__ludcmp: 10000 ok, 0 fail (45480s, ETA 10637s)
[420/517] polybench__linear_algebra_solvers__trisolv: 10000 ok, 0 fail (45558s, ETA 10522s)
[421/517] polybench__medley__deriche: 10000 ok, 0 fail (45615s, ETA 10401s)
[422/517] polybench__medley__floyd-warshall: 10000 ok, 0 fail (45676s, ETA 10283s)
[423/517] polybench__medley__nussinov: 9999 ok, 1 fail (45757s, ETA 10168s)
[424/517] polybench__stencils__adi: 10000 ok, 0 fail (45814s, ETA 10049s)
[425/517] polybench__stencils__fdtd-2d: 10000 ok, 0 fail (45890s, ETA 9934s)
[426/517] polybench__stencils__heat-3d: 10000 ok, 0 fail (45967s, ETA 9819s)
[427/517] polybench__stencils__jacobi-1d: 10000 ok, 0 fail (45973s, ETA 9690s)
[428/517] polybench__stencils__jacobi-2d: 10000 ok, 0 fail (46075s, ETA 9581s)
[429/517] polybench__stencils__seidel-2d: 10000 ok, 0 fail (46124s, ETA 9461s)
[430/517] prolangs-c__allroots: 10000 ok, 0 fail (46299s, ETA 9368s)
[431/517] prolangs-c__assembler: 10000 ok, 0 fail (46775s, ETA 9333s)
[432/517] prolangs-c__archie-client: 10000 ok, 0 fail (46799s, ETA 9208s)
[433/517] prolangs-c__cdecl: 10000 ok, 0 fail (47006s, ETA 9119s)
[434/517] prolangs-c__fixoutput: 10000 ok, 0 fail (47110s, ETA 9009s)
[435/517] prolangs-c__plot2fig: 10000 ok, 0 fail (47536s, ETA 8961s)
[436/517] prolangs-c__gnugo: 9997 ok, 3 fail (47796s, ETA 8880s)
[437/517] prolangs-c__agrep: 9997 ok, 3 fail (47893s, ETA 8768s)
[438/517] prolangs-c__bison: 10000 ok, 0 fail (47894s, ETA 8638s)
[439/517] ptrdist__anagram: 10000 ok, 0 fail (48271s, ETA 8577s)
[440/517] prolangs-c__unix-smail: 10000 ok, 0 fail (48332s, ETA 8458s)
[441/517] prolangs-c__football: 9991 ok, 9 fail (48354s, ETA 8333s)
[442/517] ptrdist__ft: 10000 ok, 0 fail (48705s, ETA 8264s)
[443/517] ptrdist__ks: 10000 ok, 0 fail (48750s, ETA 8143s)
[444/517] prolangs-c__unix-tbl: 9998 ok, 2 fail (48954s, ETA 8049s)
[445/517] shootout__ackermann: 10000 ok, 0 fail (48985s, ETA 7926s)
[446/517] shootout__ary3: 10000 ok, 0 fail (49034s, ETA 7806s)
[447/517] shootout__fib2: 10000 ok, 0 fail (49242s, ETA 7711s)
[448/517] ptrdist__yacr2: 10000 ok, 0 fail (49279s, ETA 7590s)
[449/517] shootout__hash: 10000 ok, 0 fail (49306s, ETA 7467s)
[450/517] shootout__heapsort: 10000 ok, 0 fail (49340s, ETA 7346s)
[451/517] ptrdist__bc: 9970 ok, 30 fail (49367s, ETA 7224s)
[452/517] shootout__hello: 10000 ok, 0 fail (49508s, ETA 7120s)
[453/517] shootout__matrix: 10000 ok, 0 fail (49603s, ETA 7008s)
[454/517] shootout__lists: 10000 ok, 0 fail (49608s, ETA 6884s)
[455/517] shootout__methcall: 10000 ok, 0 fail (49624s, ETA 6762s)
[456/517] shootout__nestedloop: 10000 ok, 0 fail (49644s, ETA 6641s)
[457/517] shootout__objinst: 10000 ok, 0 fail (49799s, ETA 6538s)
[458/517] shootout__random: 10000 ok, 0 fail (49873s, ETA 6425s)
[459/517] shootout__sieve: 10000 ok, 0 fail (49884s, ETA 6303s)
[460/517] shootout__strcat: 10000 ok, 0 fail (49902s, ETA 6184s)
[461/517] stanford__Bubblesort: 10000 ok, 0 fail (49930s, ETA 6065s)
[462/517] mibench__automotive-susan: 10000 ok, 0 fail (50065s, ETA 5960s)
[463/517] stanford__FloatMM: 10000 ok, 0 fail (50090s, ETA 5842s)
[464/517] stanford__IntMM: 10000 ok, 0 fail (50157s, ETA 5729s)
[465/517] stanford__Queens: 10000 ok, 0 fail (50213s, ETA 5615s)
[466/517] stanford__Oscar: 10000 ok, 0 fail (50216s, ETA 5496s)
[467/517] stanford__Puzzle: 9997 ok, 3 fail (50303s, ETA 5386s)
[468/517] stanford__Quicksort: 10000 ok, 0 fail (50350s, ETA 5272s)
[469/517] stanford__RealMM: 10000 ok, 0 fail (50378s, ETA 5156s)
[470/517] stanford__Towers: 10000 ok, 0 fail (50473s, ETA 5047s)
[471/517] stanford__Treesort: 10000 ok, 0 fail (50544s, ETA 4936s)
[472/517] trimaran__enc-pc1: 10000 ok, 0 fail (50703s, ETA 4834s)
[473/517] trimaran__enc-rc4: 10000 ok, 0 fail (50715s, ETA 4718s)
[474/517] trimaran__netbench-crc: 10000 ok, 0 fail (50827s, ETA 4611s)
[475/517] trimaran__netbench-url: 10000 ok, 0 fail (50985s, ETA 4508s)
[476/517] trimaran__enc-md5: 10000 ok, 0 fail (52057s, ETA 4484s)
[477/517] tsvc__ControlLoops-dbl: 10000 ok, 0 fail (53430s, ETA 4481s)
[478/517] tsvc__ControlLoops-flt: 10000 ok, 0 fail (53602s, ETA 4373s)
[479/517] tsvc__ControlFlow-dbl: 10000 ok, 0 fail (53643s, ETA 4256s)
[480/517] tsvc__ControlFlow-flt: 10000 ok, 0 fail (53681s, ETA 4138s)
[481/517] tsvc__CrossingThresholds-dbl: 10000 ok, 0 fail (54562s, ETA 4084s)
[482/517] tsvc__CrossingThresholds-flt: 10000 ok, 0 fail (55972s, ETA 4064s)
[483/517] tsvc__Equivalencing-dbl: 10000 ok, 0 fail (56029s, ETA 3944s)
[484/517] tsvc__Equivalencing-flt: 10000 ok, 0 fail (56091s, ETA 3824s)
[485/517] tsvc__Expansion-dbl: 10000 ok, 0 fail (56223s, ETA 3710s)
[486/517] tsvc__Expansion-flt: 10000 ok, 0 fail (57139s, ETA 3645s)
[487/517] tsvc__GlobalDataFlow-dbl: 10000 ok, 0 fail (58470s, ETA 3602s)
[488/517] tsvc__IndirectAddressing-dbl: 10000 ok, 0 fail (58495s, ETA 3476s)
[489/517] tsvc__GlobalDataFlow-flt: 10000 ok, 0 fail (58538s, ETA 3352s)
[490/517] tsvc__IndirectAddressing-flt: 10000 ok, 0 fail (58729s, ETA 3236s)
[491/517] tsvc__InductionVariable-dbl: 10000 ok, 0 fail (59743s, ETA 3164s)
[492/517] tsvc__InductionVariable-flt: 10000 ok, 0 fail (61002s, ETA 3100s)
[493/517] tsvc__LinearDependence-dbl: 10000 ok, 0 fail (61107s, ETA 2975s)
[494/517] tsvc__LinearDependence-flt: 10000 ok, 0 fail (61153s, ETA 2847s)
[495/517] tsvc__LoopRerolling-dbl: 10000 ok, 0 fail (61249s, ETA 2722s)
[496/517] tsvc__LoopRerolling-flt: 10000 ok, 0 fail (62220s, ETA 2634s)
[497/517] tsvc__LoopRestructuring-dbl: 9996 ok, 4 fail (63555s, ETA 2558s)
[498/517] tsvc__NodeSplitting-dbl: 10000 ok, 0 fail (63588s, ETA 2426s)
[499/517] tsvc__LoopRestructuring-flt: 9995 ok, 5 fail (63613s, ETA 2295s)
[500/517] tsvc__NodeSplitting-flt: 10000 ok, 0 fail (63723s, ETA 2167s)
[501/517] tsvc__Packing-dbl: 10000 ok, 0 fail (64599s, ETA 2063s)
[502/517] trimaran__enc-3des: 10000 ok, 0 fail (65661s, ETA 1962s)
[503/517] tsvc__Packing-flt: 10000 ok, 0 fail (65886s, ETA 1834s)
[504/517] tsvc__Recurrences-dbl: 10000 ok, 0 fail (65943s, ETA 1701s)
[505/517] tsvc__Recurrences-flt: 10000 ok, 0 fail (65963s, ETA 1567s)
[506/517] tsvc__Reductions-dbl: 10000 ok, 0 fail (66250s, ETA 1440s)
[507/517] tsvc__Reductions-flt: 10000 ok, 0 fail (67118s, ETA 1324s)
[508/517] tsvc__Searching-dbl: 10000 ok, 0 fail (67979s, ETA 1204s)
[509/517] tsvc__Searching-flt: 10000 ok, 0 fail (68081s, ETA 1070s)
[510/517] tsvc__StatementReordering-dbl: 10000 ok, 0 fail (68254s, ETA 937s)
[511/517] tsvc__StatementReordering-flt: 10000 ok, 0 fail (68265s, ETA 802s)
[512/517] versabench__8b10b: 10000 ok, 0 fail (68281s, ETA 667s)
[513/517] versabench__bmm: 10000 ok, 0 fail (68368s, ETA 533s)
[514/517] tsvc__Symbolics-dbl: 10000 ok, 0 fail (68547s, ETA 400s)
[515/517] versabench__dbms: 10000 ok, 0 fail (68944s, ETA 268s)
[516/517] versabench__ecbdes: 10000 ok, 0 fail (68997s, ETA 134s)
[517/517] tsvc__Symbolics-flt: 10000 ok, 0 fail (69327s, ETA 0s)

Все бенчмарки обработаны за 69327s (19.3h)
Склеено: 5170000 прогонов (5169736 успешных, 264 упавших)
Результаты: /Users/vladimirbelonin/Desktop/Projects/Compiler Causal Inference/experiments/results/all_results.parquet
